// Jest Snapshot v1, https://goo.gl/fbAQLP

exports[`basic-usage: basic-usage 1`] = `
"{
  \\"args\\": [
    \\"foo\\",
    \\"bar\\",
    \\"command\\"
  ],
  \\"options\\": {
    \\"--\\": [],
    \\"type\\": \\"ok\\"
  }
}"
`;

exports[`ignore-default-value: ignore-default-value 1`] = `
"{
  \\"args\\": [],
  \\"options\\": {
    \\"--\\": []
  }
}"
`;

exports[`variadic-arguments: variadic-arguments 1`] = `
"a
[ 'b', 'c', 'd' ]
{ '--': [], foo: true }"
`;
